// Jest Snapshot v1, https://goo.gl/fbAQLP

exports[`<Add /> rendering should match snapshot 1`] = `
<div>
  <h1>
    Add Function
  </h1>
  <Form
    operator="+"
  />
</div>
`;
